fixtures/dollar-mark.ledger:1 imbalanced transaction, (total amount) = -0.01 $
