{"file_path":"fixtures/dollar-mark.ledger","line_number":1,"level":"ERROR","error_message":"imbalanced transaction, (total amount) = -1 $"}
