{"file_path":"fixtures/imbalance.ledger","line_number":1,"level":"ERROR","error_message":"imbalanced transaction, (total amount) = -1800 JPY"}
