{"type":"decoration","source":"ledgerlint","file_path":"fixtures/no-description.ledger","range":{"start":{"line":2,"character":0},"end":{"line":2,"character":80}},"renderOptions":{"after":{"contentText":"- 200 JPY","color":"grey","margin":"2ch"}}}
{"type":"decoration","source":"ledgerlint","file_path":"fixtures/no-description.ledger","range":{"start":{"line":6,"character":0},"end":{"line":6,"character":80}},"renderOptions":{"after":{"contentText":"- 200 JPY","color":"grey","margin":"2ch"}}}
{"type":"decoration","source":"ledgerlint","file_path":"fixtures/no-description.ledger","range":{"start":{"line":10,"character":0},"end":{"line":10,"character":80}},"renderOptions":{"after":{"contentText":"- 200 JPY","color":"grey","margin":"2ch"}}}
{"type":"decoration","source":"ledgerlint","file_path":"fixtures/no-description.ledger","range":{"start":{"line":15,"character":0},"end":{"line":15,"character":80}},"renderOptions":{"after":{"contentText":"- 200 JPY","color":"grey","margin":"2ch"}}}
