{"file_path":"fixtures/two-empty-amount.ledger","line_number":1,"error_message":"Transaction contains two or more empty amount"}
