{"source":"ledgerlint","file_path":"fixtures/unknown-account.ledger","line_number":2,"range":{"start":{"line":1,"character":0},"end":{"line":1,"character":80}},"level":"WARN","severity":2,"message":"unknown account: Expenses:Unknown expense"}
{"source":"ledgerlint","file_path":"fixtures/unknown-account.ledger","line_number":7,"range":{"start":{"line":6,"character":0},"end":{"line":6,"character":80}},"level":"WARN","severity":2,"message":"unknown account: Assets:Unknown asset"}
