{"file_path":"fixtures/unmatched.ledger","line_number":1,"level":"WARN","error_message":"Header unmatched"}
