fixtures/unparsable.ledger:1 This line is neither comment nor header nor posting
